→ context-mode plugin installer
  plugin root : /c/Users/chris/Documents/GitHub/context-mode
  openclaw    : /c/Users/chris/.openclaw
→ building...

> context-mode@1.0.107 build
> tsc && node -e "if(process.platform!=='win32'){require('fs').chmodSync('build/cli.js',0o755)}" && npm run bundle


> context-mode@1.0.107 bundle
> esbuild src/server.ts --bundle --platform=node --target=node18 --format=esm --outfile=server.bundle.mjs --external:better-sqlite3 --external:turndown --external:turndown-plugin-gfm --external:@mixmark-io/domino --minify && esbuild src/cli.ts --bundle --platform=node --target=node18 --format=esm --outfile=cli.bundle.mjs --external:better-sqlite3 --minify && esbuild src/session/extract.ts --bundle --platform=node --target=node18 --format=esm --outfile=hooks/session-extract.bundle.mjs --minify && esbuild src/session/snapshot.ts --bundle --platform=node --target=node18 --format=esm --outfile=hooks/session-snapshot.bundle.mjs --minify && esbuild src/session/db.ts --bundle --platform=node --target=node18 --format=esm --outfile=hooks/session-db.bundle.mjs --external:better-sqlite3 --minify


  server.bundle.mjs  523.2kb

⚡ Done in 73ms

  cli.bundle.mjs  557.4kb

⚡ Done in 68ms

  hooks\session-extract.bundle.mjs  11.9kb

⚡ Done in 7ms

  hooks\session-snapshot.bundle.mjs  5.3kb

⚡ Done in 6ms

  hooks\session-db.bundle.mjs  16.0kb

⚡ Done in 9ms
rebuilt dependencies successfully
→ installing extension into /c/Users/chris/.openclaw/extensions/context-mode...
→ clearing jiti cache for context-mode...
  ✓ jiti cache cleared
→ verifying discovery...
  ✓ context-mode discovered
→ registering in /c/Users/chris/.openclaw/openclaw.json...
  ✗ Failed to parse C:/Users/chris/.openclaw/openclaw.json — is it valid JSON? (Unexpected token '﻿', "﻿{
	"agent"... is not valid JSON)
